This is pdfTeX, Version 3.141592653-2.6-1.40.29 (TeX Live 2026) (preloaded format=latex 2026.9.6)  9 SEP 2026 21:40
entering extended mode
 restricted \write18 enabled.
 %&-line parsing enabled.
**\makeatletter\def\HCode{\futurelet\HCode\HChar}\def\HChar{\ifx"\HCode\def\HCo
de"##1"{\Link##1}\expandafter\HCode\else\expandafter\Link\fi}\def\Link#1.a.b.c.
{\let\HCode\documentstyle\def\documentstyle{\let\documentstyle\HCode\expandafte
r\def\csname tex4ht\endcsname{#1,html}\def\HCode####1{\documentstyle[tex4ht,}\@
ifnextchar[{\HCode}{\documentstyle[tex4ht]}}\RequirePackage[#1,html]{tex4ht}}\m
akeatother\HCode Syllabus.cfg,svg,charset=utf-8,html5.a.b.c.\input "\detokenize
{Syllabus}"
(/usr/local/texlive/2026/texmf-dist/tex/generic/tex4ht/tex4ht.sty
version 2026-03-11-13:21
Package: tex4ht 
--------------------------------------
--- Note --- for _ at preamble, use the command line option `early_'
--------------------------------------
--------------------------------------
--- Note --- for ^ at preamble, use the command line option `early^'
--------------------------------------
\tmp:toks=\toks17
) (./Syllabus.tex (./econtexRoot.texinput (./Resources/econtexPaths.tex)) (/usr
/local/texlive/2026/texmf-dist/tex/generic/tex4ht/usepackage.4ht
version 2026-06-21-12:19
) (./Resources/texmf-local/tex/latex/econtex.cls
Document Class: ./Resources/texmf-local/tex/latex/econtex 2017/08/01 LaTeX clas
s for economics papers, handouts, and exam questions written by Christopher Car
roll
(/__w/Choice/Choice/Syllabus/docs/texmf-local/tex/latex/snapshot.sty
Package: snapshot 2002/03/05 v1.14
) (/usr/local/texlive/2026/texmf-dist/tex/latex/base/ifthen.sty
Package: ifthen 2024/03/16 v1.1e Standard LaTeX ifthen package (DPC)
) (/usr/local/texlive/2026/texmf-dist/tex/latex/changepage/changepage.sty
Package: changepage 2009/10/20 v1.0c check page and change page layout
\c@cp@cntr=\count276
\cp@tempcnt=\count277
) (/usr/local/texlive/2026/texmf-dist/tex/latex/setspace/setspace.sty
Package: setspace 2022/12/04 v6.7b set line spacing
)
\c@IncludeTitlePage=\count278
(/usr/local/texlive/2026/texmf-dist/tex/latex/koma-script/scrartcl.cls
Document Class: scrartcl 2026/02/02 v3.49.2 KOMA-Script document class (article
)
(/usr/local/texlive/2026/texmf-dist/tex/latex/koma-script/scrkbase.sty
Package: scrkbase 2026/02/02 v3.49.2 KOMA-Script package (KOMA-Script-dependent
 basics and keyval usage)
(/usr/local/texlive/2026/texmf-dist/tex/latex/koma-script/scrbase.sty
Package: scrbase 2026/02/02 v3.49.2 KOMA-Script package (KOMA-Script-independen
t basics and keyval usage)
(/usr/local/texlive/2026/texmf-dist/tex/latex/koma-script/scrlfile.sty
Package: scrlfile 2026/02/02 v3.49.2 KOMA-Script package (file load hooks)
(/usr/local/texlive/2026/texmf-dist/tex/latex/koma-script/scrlfile-hook.sty
Package: scrlfile-hook 2026/02/02 v3.49.2 KOMA-Script package (using LaTeX hook
s)
(/usr/local/texlive/2026/texmf-dist/tex/latex/koma-script/scrlogo.sty
Package: scrlogo 2026/02/02 v3.49.2 KOMA-Script package (logo)
))) (/usr/local/texlive/2026/texmf-dist/tex/latex/graphics/keyval.sty
Package: keyval 2026-05-17 v1.15 key=value parser (DPC)
\KV@toks@=\toks18
)
Applying: [2021/05/01] Usage of raw or classic option list on input line 254.
Already applied: [0000/00/00] Usage of raw or classic option list on input line
 370.
)) (/usr/local/texlive/2026/texmf-dist/tex/latex/koma-script/tocbasic.sty
Package: tocbasic 2026/02/02 v3.49.2 KOMA-Script package (handling toc-files)
\scr@dte@tocline@numberwidth=\skip49
\scr@dte@tocline@numbox=\box53
)
Package tocbasic Info: omitting babel extension for `toc'
(tocbasic)             because of feature `nobabel' available
(tocbasic)             for `toc' on input line 141.
Class scrartcl Info: File `scrsize12pt.clo' used to setup font sizes on input l
ine 2489.
(/usr/local/texlive/2026/texmf-dist/tex/latex/koma-script/scrsize12pt.clo
File: scrsize12pt.clo 2026/02/02 v3.49.2 KOMA-Script font size class option (12
pt)
) (/usr/local/texlive/2026/texmf-dist/tex/latex/koma-script/typearea.sty
Package: typearea 2026/02/02 v3.49.2 KOMA-Script package (type area)
\ta@bcor=\skip50
\ta@div=\count279
\ta@hblk=\skip51
\ta@vblk=\skip52
\ta@temp=\skip53
\footheight=\skip54
Package typearea Info: These are the values describing the layout:
(typearea)             DIV  = 12
(typearea)             BCOR = 0.0pt
(typearea)             \paperwidth      = 597.50793pt
(typearea)              \textwidth      = 448.13095pt
(typearea)              DIV departure   = -6%
(typearea)              \evensidemargin = 2.4185pt
(typearea)              \oddsidemargin  = 2.4185pt
(typearea)             \paperheight     = 845.04694pt
(typearea)              \textheight     = 635.5pt
(typearea)              \topmargin      = -41.72441pt
(typearea)              \headheight     = 18.125pt
(typearea)              \headsep        = 21.75pt
(typearea)              \topskip        = 12.0pt
(typearea)              \footskip       = 50.75pt
(typearea)              \baselineskip   = 14.5pt
(typearea)              on input line 1810.
)
\c@part=\count280
\c@section=\count281
\c@subsection=\count282
\c@subsubsection=\count283
\c@paragraph=\count284
\c@subparagraph=\count285
\scr@dte@section@maxnumwidth=\skip55
Class scrartcl Info: using compatibility default `runin=bysign'
(scrartcl)           for `\section on input line 5015.
Class scrartcl Info: using compatibility default `afterindent=bysign'
(scrartcl)           for `\section on input line 5015.
\scr@dte@part@maxnumwidth=\skip56
Class scrartcl Info: using compatibility default `afterindent=false'
(scrartcl)           for `\part on input line 5023.
\scr@dte@subsection@maxnumwidth=\skip57
Class scrartcl Info: using compatibility default `runin=bysign'
(scrartcl)           for `\subsection on input line 5033.
Class scrartcl Info: using compatibility default `afterindent=bysign'
(scrartcl)           for `\subsection on input line 5033.
\scr@dte@subsubsection@maxnumwidth=\skip58
Class scrartcl Info: using compatibility default `runin=bysign'
(scrartcl)           for `\subsubsection on input line 5043.
Class scrartcl Info: using compatibility default `afterindent=bysign'
(scrartcl)           for `\subsubsection on input line 5043.
\scr@dte@paragraph@maxnumwidth=\skip59
Class scrartcl Info: using compatibility default `runin=bysign'
(scrartcl)           for `\paragraph on input line 5054.
Class scrartcl Info: using compatibility default `afterindent=bysign'
(scrartcl)           for `\paragraph on input line 5054.
\scr@dte@subparagraph@maxnumwidth=\skip60
Class scrartcl Info: using compatibility default `runin=bysign'
(scrartcl)           for `\subparagraph on input line 5064.
Class scrartcl Info: using compatibility default `afterindent=bysign'
(scrartcl)           for `\subparagraph on input line 5064.
\abovecaptionskip=\skip61
\belowcaptionskip=\skip62
\c@pti@nb@sid@b@x=\box54
Package tocbasic Info: omitting babel extension for `lof'
(tocbasic)             because of feature `nobabel' available
(tocbasic)             for `lof' on input line 6287.
\scr@dte@figure@maxnumwidth=\skip63
\c@figure=\count286
Package tocbasic Info: omitting babel extension for `lot'
(tocbasic)             because of feature `nobabel' available
(tocbasic)             for `lot' on input line 6299.
\scr@dte@table@maxnumwidth=\skip64
\c@table=\count287
Class scrartcl Info: Redefining `\numberline' on input line 6469.
\bibindent=\dimen150
) (/usr/local/texlive/2026/texmf-dist/tex/latex/base/fontenc.sty
Package: fontenc 2025/07/18 v2.1d Standard LaTeX package
) (/usr/local/texlive/2026/texmf-dist/tex/generic/tex4ht/babel-sty-hooks.4ht
version 2024-06-20-13:26
) (/usr/local/texlive/2026/texmf-dist/tex/generic/babel/babel.sty
Package: babel 2026/08/21 v26.11 The multilingual framework for LuaLaTeX, pdfLa
TeX and XeLaTeX
\babel@savecnt=\count288
LaTeX Encoding Info:    Redeclaring text command \ij (encoding OT1) on input li
ne 2105.
LaTeX Encoding Info:    Redeclaring text command \IJ (encoding OT1) on input li
ne 2107.
LaTeX Encoding Info:    Redeclaring text command \ij (encoding T1) on input lin
e 2109.
LaTeX Encoding Info:    Redeclaring text command \IJ (encoding T1) on input lin
e 2110.
LaTeX Encoding Info:    Ignoring declaration for text command \ij (encoding ?) 
on input line 2111.
LaTeX Encoding Info:    Ignoring declaration for text command \IJ (encoding ?) 
on input line 2113.
LaTeX Encoding Info:    Ignoring declaration for text command \SS (encoding ?) 
on input line 2138.
\U@D=\dimen151
\l@unhyphenated=\language91
(/usr/local/texlive/2026/texmf-dist/tex/generic/babel/txtbabel.def)
\bbl@readstream=\read2
\bbl@dirlevel=\count289

(/usr/local/texlive/2026/texmf-dist/tex/generic/babel/locale/en/babel-english.t
ex)
Package babel Info: Importing font and identification data for 'english'
(babel)             from babel-en.ini. Reported on input line 4460.
(/usr/local/texlive/2026/texmf-dist/tex/generic/babel-english/english.ldf
Language: english 2017/06/06 v3.3r English support from the babel system
Package babel Info: Hyphen rules for 'canadian' set to \l@english
(babel)             (\language0). Reported on input line 102.
Package babel Info: Hyphen rules for 'australian' set to \l@ukenglish
(babel)             (\language22). Reported on input line 105.
Package babel Info: Hyphen rules for 'newzealand' set to \l@ukenglish
(babel)             (\language22). Reported on input line 108.
)) (/usr/local/texlive/2026/texmf-dist/tex/latex/tools/calc.sty
Package: calc 2025/03/01 v4.3b Infix arithmetic (KKT,FJ)
\calc@Acount=\count290
\calc@Bcount=\count291
\calc@Adimen=\dimen152
\calc@Bdimen=\dimen153
\calc@Askip=\skip65
\calc@Bskip=\skip66
LaTeX Info: Redefining \setlength on input line 86.
LaTeX Info: Redefining \addtolength on input line 87.
\calc@Ccount=\count292
\calc@Cskip=\skip67
) (/usr/local/texlive/2026/texmf-dist/tex/latex/cancel/cancel.sty
Package: cancel 2013/04/12 v2.2 Cancel math terms
) (/usr/local/texlive/2026/texmf-dist/tex/latex/tools/verbatim.sty
Package: verbatim 2024-01-22 v1.5x LaTeX2e package for verbatim enhancements
\every@verbatim=\toks19
\verbatim@line=\toks20
\verbatim@in@stream=\read3
) (/usr/local/texlive/2026/texmf-dist/tex/latex/amsmath/amsmath.sty
Package: amsmath 2026/05/19 v2.18d AMS math features
\@mathmargin=\skip68
For additional information on amsmath, use the `?' option.
(/usr/local/texlive/2026/texmf-dist/tex/latex/amsmath/amstext.sty
Package: amstext 2024/11/17 v2.01 AMS text
(/usr/local/texlive/2026/texmf-dist/tex/latex/amsmath/amsgen.sty
File: amsgen.sty 1999/11/30 v2.0 generic functions
\@emptytoks=\toks21
\ex@=\dimen154
)) (/usr/local/texlive/2026/texmf-dist/tex/latex/amsmath/amsbsy.sty
Package: amsbsy 1999/11/29 v1.2d Bold Symbols
\pmbraise@=\dimen155
) (/usr/local/texlive/2026/texmf-dist/tex/latex/amsmath/amsopn.sty
Package: amsopn 2022/04/08 v2.04 operator names
)
\inf@bad=\count293
LaTeX Info: Redefining \frac on input line 233.
\uproot@=\count294
\leftroot@=\count295
LaTeX Info: Redefining \overline on input line 398.
LaTeX Info: Redefining \colon on input line 409.
\classnum@=\count296
\DOTSCASE@=\count297
LaTeX Info: Redefining \ldots on input line 495.
LaTeX Info: Redefining \dots on input line 498.
LaTeX Info: Redefining \cdots on input line 619.
\Mathstrutbox@=\box55
\strutbox@=\box56
LaTeX Info: Redefining \big on input line 721.
LaTeX Info: Redefining \Big on input line 722.
LaTeX Info: Redefining \bigg on input line 723.
LaTeX Info: Redefining \Bigg on input line 724.
\big@size=\dimen156
LaTeX Font Info:    Redeclaring font encoding OML on input line 742.
LaTeX Font Info:    Redeclaring font encoding OMS on input line 743.
\macc@depth=\count298
LaTeX Info: Redefining \bmod on input line 904.
LaTeX Info: Redefining \pmod on input line 909.
LaTeX Info: Redefining \smash on input line 939.
LaTeX Info: Redefining \relbar on input line 969.
LaTeX Info: Redefining \Relbar on input line 970.
\c@MaxMatrixCols=\count299
\dotsspace@=\muskip17
\c@parentequation=\count300
\dspbrk@lvl=\count301
\tag@help=\toks22
\row@=\count302
\column@=\count303
\maxfields@=\count304
\andhelp@=\toks23
\eqnshift@=\dimen157
\alignsep@=\dimen158
\tagshift@=\dimen159
\tagwidth@=\dimen160
\totwidth@=\dimen161
\lineht@=\dimen162
\@envbody=\toks24
\multlinegap=\skip69
\multlinetaggap=\skip70
\mathdisplay@stack=\toks25
LaTeX Info: Redefining \[ on input line 2965.
LaTeX Info: Redefining \] on input line 2966.
) (/usr/local/texlive/2026/texmf-dist/tex/latex/amsfonts/amssymb.sty
Package: amssymb 2013/01/14 v3.01 AMS font symbols
(/usr/local/texlive/2026/texmf-dist/tex/latex/amsfonts/amsfonts.sty
Package: amsfonts 2013/01/14 v3.01 Basic AMSFonts support
\symAMSa=\mathgroup4
\symAMSb=\mathgroup5
LaTeX Font Info:    Redeclaring math symbol \hbar on input line 98.
LaTeX Font Info:    Overwriting math alphabet `\mathfrak' in version `bold'
(Font)                  U/euf/m/n --> U/euf/b/n on input line 106.
)) (/usr/local/texlive/2026/texmf-dist/tex/latex/amscls/amsthm.sty
Package: amsthm 2020/05/29 v2.20.6
\thm@style=\toks26
\thm@bodyfont=\toks27
\thm@headfont=\toks28
\thm@notefont=\toks29
\thm@headpunct=\toks30
\thm@preskip=\skip71
\thm@postskip=\skip72
\thm@headsep=\skip73
\dth@everypar=\toks31
) (/usr/local/texlive/2026/texmf-dist/tex/latex/xpatch/xpatch.sty (/usr/local/t
exlive/2026/texmf-dist/tex/generic/tex4ht/expl3-hooks.4ht
version 2020-10-17-13:53
) (/usr/local/texlive/2026/texmf-dist/tex/latex/l3kernel/expl3.sty
Package: expl3 2026-08-10 L3 programming layer (loader) 
(/usr/local/texlive/2026/texmf-dist/tex/latex/l3kernel/l3backend-dvips.def
File: l3backend-dvips.def 2026-08-10 L3 backend support: dvips
\l__pdfannot_backend_content_box=\box57
\l__pdfannot_backend_model_box=\box58
\g__pdfannot_backend_int=\count305
\g__pdfannot_backend_link_int=\count306
\g__pdfannot_backend_link_sf_int=\count307
))
Package: xpatch 2020/03/25 v0.3a Extending etoolbox patching commands
(/usr/local/texlive/2026/texmf-dist/tex/latex/l3packages/xparse/xparse.sty (/us
r/local/texlive/2026/texmf-dist/tex/generic/tex4ht/expl3-hooks.4ht
version 2020-10-17-13:53
)
Package: xparse 2025-10-09 L3 Experimental document command parser
) (/usr/local/texlive/2026/texmf-dist/tex/latex/etoolbox/etoolbox.sty
Package: etoolbox 2025/10/02 v2.5m e-TeX tools for LaTeX (JAW)
\etb@tempcnta=\count308
))
Class scrartcl Info: amsthm's \deferred@thm@head patched.

(/usr/local/texlive/2026/texmf-dist/tex/latex/threeparttable/threeparttable.sty
Package: threeparttable 2003/06/13  v 3.0
\@tempboxb=\box59
) (/usr/local/texlive/2026/texmf-dist/tex/latex/tools/dcolumn.sty
Package: dcolumn 2025/10/21 v1.06 decimal alignment package (DPC)
(/usr/local/texlive/2026/texmf-dist/tex/latex/tools/array.sty
Package: array 2026/02/24 v2.7b Tabular extension package (FMi)
\col@sep=\dimen163
\ar@mcellbox=\box60
\extrarowheight=\dimen164
\NC@list=\toks32
\extratabsurround=\skip74
\backup@length=\skip75
\ar@cellbox=\box61
)) (/usr/local/texlive/2026/texmf-dist/tex/latex/tools/multicol.sty
Package: multicol 2025/10/21 v2.0b multicolumn formatting (FMi)
\c@tracingmulticols=\count309
\mult@box=\box62
\multicol@leftmargin=\dimen165
\c@unbalance=\count310
\c@collectmore=\count311
\doublecol@number=\count312
\multicoltolerance=\count313
\multicolpretolerance=\count314
\full@width=\dimen166
\page@free=\dimen167
\premulticols=\dimen168
\postmulticols=\dimen169
\multicolsep=\skip76
\multicolbaselineskip=\skip77
\partial@page=\box63
\last@line=\box64
\mc@boxedresult=\box65
\maxbalancingoverflow=\dimen170
\mult@rightbox=\box66
\mult@grightbox=\box67
\mult@firstbox=\box68
\mult@gfirstbox=\box69
\@tempa=\box70
\@tempa=\box71
\@tempa=\box72
\@tempa=\box73
\@tempa=\box74
\@tempa=\box75
\@tempa=\box76
\@tempa=\box77
\@tempa=\box78
\@tempa=\box79
\@tempa=\box80
\@tempa=\box81
\@tempa=\box82
\@tempa=\box83
\@tempa=\box84
\@tempa=\box85
\@tempa=\box86
\@tempa=\box87
\@tempa=\box88
\@tempa=\box89
\@tempa=\box90
\@tempa=\box91
\@tempa=\box92
\@tempa=\box93
\@tempa=\box94
\@tempa=\box95
\@tempa=\box96
\@tempa=\box97
\@tempa=\box98
\@tempa=\box99
\@tempa=\box100
\@tempa=\box101
\@tempa=\box102
\@tempa=\box103
\@tempa=\box104
\@tempa=\box105
\c@minrows=\count315
\c@columnbadness=\count316
\c@finalcolumnbadness=\count317
\last@try=\dimen171
\multicolovershoot=\dimen172
\multicolundershoot=\dimen173
\mult@nat@firstbox=\box106
\colbreak@box=\box107
\mc@col@check@num=\count318
\g__mc_curr_col_int=\count319
) (/usr/local/texlive/2026/texmf-dist/tex/latex/multirow/multirow.sty
Package: multirow 2024/11/12 v2.9 Span multiple rows of a table
\multirow@colwidth=\skip78
\multirow@cntb=\count320
\multirow@dima=\skip79
\bigstrutjot=\dimen174
) (/usr/local/texlive/2026/texmf-dist/tex/latex/booktabs/booktabs.sty
Package: booktabs 2020/01/12 v1.61803398 Publication quality tables
\heavyrulewidth=\dimen175
\lightrulewidth=\dimen176
\cmidrulewidth=\dimen177
\belowrulesep=\dimen178
\belowbottomsep=\dimen179
\aboverulesep=\dimen180
\abovetopsep=\dimen181
\cmidrulesep=\dimen182
\cmidrulekern=\dimen183
\defaultaddspace=\dimen184
\@cmidla=\count321
\@cmidlb=\count322
\@aboverulesep=\dimen185
\@belowrulesep=\dimen186
\@thisruleclass=\count323
\@lastruleclass=\count324
\@thisrulewidth=\dimen187
) (/usr/local/texlive/2026/texmf-dist/tex/latex/base/latexsym.sty
Package: latexsym 1998/08/17 v2.2e Standard LaTeX package (lasy symbols)
\symlasy=\mathgroup6
LaTeX Font Info:    Overwriting symbol font `lasy' in version `bold'
(Font)                  U/lasy/m/n --> U/lasy/b/n on input line 52.
) (/usr/local/texlive/2026/texmf-dist/tex/latex/tools/afterpage.sty
Package: afterpage 2023/07/04 v1.08 After-Page Package (DPC)
\AP@output=\toks33
\AP@partial=\box108
\AP@footins=\box109
) (/usr/local/texlive/2026/texmf-dist/tex/latex/enotez/enotez.sty (/usr/local/t
exlive/2026/texmf-dist/tex/generic/tex4ht/expl3-hooks.4ht
version 2020-10-17-13:53
) (/usr/local/texlive/2026/texmf-dist/tex/latex/l3packages/l3keys2e/l3keys2e.st
y (/usr/local/texlive/2026/texmf-dist/tex/generic/tex4ht/expl3-hooks.4ht
version 2020-10-17-13:53
)
Package: l3keys2e 2025-10-09 LaTeX2e option processing using LaTeX3 keys
)
(/usr/local/texlive/2026/texmf-dist/tex/latex/l3packages/xtemplate/xtemplate.st
y
Package: xtemplate 2025-10-09 L3 Experimental prototype document functions
)
Package: enotez 2022/01/04 v0.10d Endnotes for LaTeX2e
\l__enotez_list_preamble_skip=\skip80
\l__enotez_list_postamble_skip=\skip81
\g__enotez_endnote_id_int=\count325
\g__enotez_endnote_mark_int=\count326
\c@endnote=\count327
\g__enotez_list_printed_int=\count328
\l__enotez_tmpa_int=\count329

LaTeX template Info: Declaring template type 'enotez-list' taking 1
(template)           argument(s) on line 473.

\l__enotez_list_notes_sep_dim=\dimen188
(/usr/local/texlive/2026/texmf-dist/tex/latex/translations/translations.sty
Package: translations 2022/02/05 v1.12 internationalization of LaTeX2e packages
 (CN)
(/usr/local/texlive/2026/texmf-dist/tex/generic/pdftexcmds/pdftexcmds.sty
Package: pdftexcmds 2020-06-27 v0.33 Utility functions of pdfTeX for LuaTeX (HO
)
(/usr/local/texlive/2026/texmf-dist/tex/generic/infwarerr/infwarerr.sty
Package: infwarerr 2019/12/03 v1.5 Providing info/warning/error messages (HO)
) (/usr/local/texlive/2026/texmf-dist/tex/generic/iftex/iftex.sty
Package: iftex 2024/12/12 v1.0g TeX engine tests
) (/usr/local/texlive/2026/texmf-dist/tex/generic/ltxcmds/ltxcmds.sty
Package: ltxcmds 2023-12-04 v1.26 LaTeX kernel commands for general use (HO)
)
Package pdftexcmds Info: \pdf@primitive is available.
Package pdftexcmds Info: \pdf@ifprimitive is available.
Package pdftexcmds Info: \pdfdraftmode is ignored in DVI mode.
))) (/usr/local/texlive/2026/texmf-dist/tex/latex/moreverb/moreverb.sty
Package: moreverb 2008/06/03 v2.3a `more' verbatim facilities
\tab@position=\count330
\tab@size=\count331
\listing@line=\count332
) (/usr/local/texlive/2026/texmf-dist/tex/latex/tools/hhline.sty
Package: hhline 2026/05/02 v2.05 Table rule package (DPC)
) (/usr/local/texlive/2026/texmf-dist/tex/latex/tipa/tipa.sty
Package: tipa 2002/08/08 TIPA version 1.1
(/usr/local/texlive/2026/texmf-dist/tex/latex/base/fontenc.sty
Package: fontenc 2025/07/18 v2.1d Standard LaTeX package
(/usr/local/texlive/2026/texmf-dist/tex/latex/tipa/t3enc.def
File: t3enc.def 2001/12/31 T3 encoding
Now handling font encoding T3 ...
... no UTF-8 mapping file for font encoding T3
))
LaTeX Encoding Info:    Redeclaring text command \textdotbreve (encoding ?) on 
input line 336.
) (/usr/local/texlive/2026/texmf-dist/tex/generic/tex4ht/xcolor-hooks.4ht
version 2020-10-17-13:53
) (/usr/local/texlive/2026/texmf-dist/tex/latex/xcolor/xcolor.sty
Package: xcolor 2024/09/29 v3.02 LaTeX color extensions (UK)
(/usr/local/texlive/2026/texmf-dist/tex/latex/graphics-cfg/color.cfg
File: color.cfg 2016/01/02 v1.6 sample color configuration
)
Package xcolor Info: Driver file: dvips.def on input line 274.
(/usr/local/texlive/2026/texmf-dist/tex/latex/graphics-def/dvips.def
File: dvips.def 2025/01/21 v3.2a Graphics/color driver for dvips
) (/usr/local/texlive/2026/texmf-dist/tex/latex/graphics/mathcolor.ltx)
Package xcolor Info: Model `cmy' substituted by `cmy0' on input line 1349.
Package xcolor Info: Model `RGB' extended on input line 1365.
Package xcolor Info: Model `HTML' substituted by `rgb' on input line 1367.
Package xcolor Info: Model `Hsb' substituted by `hsb' on input line 1368.
Package xcolor Info: Model `tHsb' substituted by `hsb' on input line 1369.
Package xcolor Info: Model `HSB' substituted by `hsb' on input line 1370.
Package xcolor Info: Model `Gray' substituted by `gray' on input line 1371.
Package xcolor Info: Model `wave' substituted by `hsb' on input line 1372.
) (/usr/local/texlive/2026/texmf-dist/tex/latex/accents/accents.sty
Package: accents 2006/05/12 v1.4 Math Accent Tools
\cc@skew=\dimen189
\cc@wd=\dimen190
\cc@code=\count333
\cc@group=\count334
\cc@skewchar=\count335
) (/usr/local/texlive/2026/texmf-dist/tex/latex/appendix/appendix.sty
Package: appendix 2020/02/08 v1.2c extra appendix facilities
\c@@pps=\count336
\c@@ppsavesec=\count337
\c@@ppsaveapp=\count338
)
\c@definition=\count339
\c@theorem=\count340
\c@lemma=\count341
(/usr/local/texlive/2026/texmf-dist/tex/latex/amsfonts/eucal.sty
Package: eucal 2009/06/22 v3.00 Euler Script fonts
LaTeX Font Info:    Overwriting math alphabet `\EuScript' in version `bold'
(Font)                  U/eus/m/n --> U/eus/b/n on input line 33.
) (/usr/local/texlive/2026/texmf-dist/tex/generic/ulem/ulem.sty
\UL@box=\box110
\UL@hyphenbox=\box111
\UL@skip=\skip82
\UL@hook=\toks34
\UL@height=\dimen191
\UL@pe=\count342
\UL@pixel=\dimen192
\ULC@box=\box112
Package: ulem 2019/11/18
\ULdepth=\dimen193
) (/usr/local/texlive/2026/texmf-dist/tex/latex/tools/bm.sty
Package: bm 2025/10/21 v1.2g Bold Symbol Support (DPC/FMi)
Package bm Info: No bold for \OMX/cmex/m/n, using \pmb.
Package bm Info: No bold for \U/msa/m/n, using \pmb.
Package bm Info: No bold for \U/msb/m/n, using \pmb.
) (/usr/local/texlive/2026/texmf-dist/tex/latex/bbm-macros/bbm.sty
Package: bbm 1999/03/15 V 1.2 provides fonts for set symbols - TH
LaTeX Font Info:    Overwriting math alphabet `\mathbbm' in version `bold'
(Font)                  U/bbm/m/n --> U/bbm/bx/n on input line 33.
LaTeX Font Info:    Overwriting math alphabet `\mathbbmss' in version `bold'
(Font)                  U/bbmss/m/n --> U/bbmss/bx/n on input line 35.
) (/usr/local/texlive/2026/texmf-dist/tex/latex/url/url.sty
\Urlmuskip=\muskip18
Package: url 2013/09/16  ver 3.4  Verb mode for urls, etc.
) (/usr/local/texlive/2026/texmf-dist/tex/latex/optional/optional.sty
Package: optional 2005/01/26 ver 2.2b;  Optional inclusion/omission
)
Using optional text marked with econtex. 
(/usr/local/texlive/2026/texmf-dist/tex/latex/natbib/natbib.sty
Package: natbib 2010/09/13 8.31b (PWD, AO)
\bibhang=\skip83
\bibsep=\skip84
LaTeX Info: Redefining \cite on input line 694.
\c@NAT@ctr=\count343
) (/usr/local/texlive/2026/texmf-dist/tex/latex/footmisc/footmisc.sty
Package: footmisc 2025/05/09 v7.0b a miscellany of footnote facilities
\FN@temptoken=\toks35
\footnotemargin=\dimen194
Package footmisc Info: Declaring symbol style bringhurst on input line 549.
Package footmisc Info: Declaring symbol style chicago on input line 557.
Package footmisc Info: Declaring symbol style wiley on input line 566.
Package footmisc Info: Declaring symbol style lamport-robust on input line 577.

Package footmisc Info: Declaring symbol style lamport* on input line 597.
Package footmisc Info: Declaring symbol style lamport*-robust on input line 618
.
) (/usr/local/texlive/2026/texmf-dist/tex/generic/tex4ht/manyfoot-hooks.4ht
version 2024-12-06-14:38
) (/usr/local/texlive/2026/texmf-dist/tex/latex/ncctools/manyfoot.sty
Package: manyfoot 2019/08/03 v1.11 Many Footnote Levels Package (NCC)
(/usr/local/texlive/2026/texmf-dist/tex/latex/ncctools/nccfoots.sty
Package: nccfoots 2005/02/03 v1.2 NCC Footnotes Package (NCC)
)
\MFL@columnwidth=\dimen195
) (/usr/local/texlive/2026/texmf-dist/tex/latex/bigfoot/perpage.sty
Package: perpage 2014/10/25 2.0 Reset/sort counters per page
\c@abspage=\count344
)
Package footmisc Info: Declaring symbol style blank on input line 354.
\footinsB=\insert252
\c@footnoteB=\count345
\c@pp@a@footnoteB=\count346
\c@authornum=\count347
\c@bottomauthor=\count348
) (./Resources/texmf-local/tex/latex/econtexSetup.sty (/usr/local/texlive/2026/
texmf-dist/tex/latex/wasysym/wasysym.sty
Package: wasysym 2020/01/19 v2.4 Wasy-2 symbol support package
\symwasy=\mathgroup7
LaTeX Font Info:    Overwriting symbol font `wasy' in version `bold'
(Font)                  U/wasy/m/n --> U/wasy/b/n on input line 93.
) (/usr/local/texlive/2026/texmf-dist/tex/generic/ibygrk/psibycus.sty
Package: psibycus 2004/10/18 v4.5 Ibycus4 using Type1 fonts (P.A.MacKay/WaS)
\digraphs=\toks36
(/usr/local/texlive/2026/texmf-dist/tex/generic/ibygrk/ibycus4.map (/usr/local/
texlive/2026/texmf-dist/tex/generic/ibygrk/tlgsqq.tex)) (/usr/local/texlive/202
6/texmf-dist/tex/generic/ibygrk/Uibycus.fd
File: Uibycus.fd 2004/10/18 v4.5 font definitions for Ibycus/Type1 (WaS)
) (/usr/local/texlive/2026/texmf-dist/tex/generic/ibygrk/iby4extr.tex (/usr/loc
al/texlive/2026/texmf-dist/tex/generic/ibygrk/version4.tex Ibycus Greek. Versio
n 4. 15 July 1997))) (/usr/local/texlive/2026/texmf-dist/tex/latex/ushort/ushor
t.sty
ushort.sty by M. Vaeth: Release: 2.2 
Package: ushort 2001/06/13 v2.2
) (/usr/local/texlive/2026/texmf-dist/tex/latex/graphics/graphicx.sty
Package: graphicx 2026-05-17 v1.2e Enhanced LaTeX Graphics (DPC,SPQR)
(/usr/local/texlive/2026/texmf-dist/tex/generic/tex4ht/graphics-hooks.4ht
version 2022-08-17-14:25
) (/usr/local/texlive/2026/texmf-dist/tex/latex/graphics/graphics.sty
Package: graphics 2026-05-17 v1.4h Standard LaTeX Graphics (DPC,SPQR)
(/usr/local/texlive/2026/texmf-dist/tex/latex/graphics/trig.sty
Package: trig 2023/12/02 v1.11 sin cos tan (DPC)
) (/usr/local/texlive/2026/texmf-dist/tex/latex/graphics-cfg/graphics.cfg
File: graphics.cfg 2016/06/04 v1.11 sample graphics configuration
)
Package graphics Info: Driver file: dvips.def on input line 106.
)
\Gin@req@height=\dimen196
\Gin@req@width=\dimen197
) (/usr/local/texlive/2026/texmf-dist/tex/generic/tex4ht/hyperref-hooks.4ht
version 2023-09-17-08:01
) (/usr/local/texlive/2026/texmf-dist/tex/latex/hyperref/hyperref.sty
Package: hyperref 2026-06-17 v7.01r Hypertext links for LaTeX
(/usr/local/texlive/2026/texmf-dist/tex/latex/kvsetkeys/kvsetkeys.sty
Package: kvsetkeys 2022-10-05 v1.19 Key value parser (HO)
) (/usr/local/texlive/2026/texmf-dist/tex/generic/kvdefinekeys/kvdefinekeys.sty
Package: kvdefinekeys 2019-12-19 v1.6 Define keys (HO)
) (/usr/local/texlive/2026/texmf-dist/tex/generic/pdfescape/pdfescape.sty
Package: pdfescape 2019/12/09 v1.15 Implements pdfTeX's escape features (HO)
) (/usr/local/texlive/2026/texmf-dist/tex/latex/hycolor/hycolor.sty
Package: hycolor 2020-01-27 v1.10 Color options for hyperref/bookmark (HO)
) (/usr/local/texlive/2026/texmf-dist/tex/latex/hyperref/nameref.sty
Package: nameref 2026-01-29 v2.58 Cross-referencing by name of section
(/usr/local/texlive/2026/texmf-dist/tex/latex/refcount/refcount.sty
Package: refcount 2019/12/15 v3.6 Data extraction from label references (HO)
)
(/usr/local/texlive/2026/texmf-dist/tex/generic/gettitlestring/gettitlestring.s
ty
Package: gettitlestring 2019/12/15 v1.6 Cleanup title references (HO)
(/usr/local/texlive/2026/texmf-dist/tex/latex/kvoptions/kvoptions.sty
Package: kvoptions 2022-06-15 v3.15 Key value format for package options (HO)
))
\c@section@level=\count349
) (/usr/local/texlive/2026/texmf-dist/tex/generic/stringenc/stringenc.sty
Package: stringenc 2019/11/29 v1.12 Convert strings between diff. encodings (HO
)
)
\@linkdim=\dimen198
\Hy@linkcounter=\count350
\Hy@pagecounter=\count351
(/usr/local/texlive/2026/texmf-dist/tex/latex/hyperref/pd1enc.def
File: pd1enc.def 2026-06-17 v7.01r Hyperref: PDFDocEncoding definition (HO)
Now handling font encoding PD1 ...
... no UTF-8 mapping file for font encoding PD1
) (/usr/local/texlive/2026/texmf-dist/tex/generic/intcalc/intcalc.sty
Package: intcalc 2019/12/15 v1.3 Expandable calculations with integers (HO)
)
\Hy@SavedSpaceFactor=\count352
(/usr/local/texlive/2026/texmf-dist/tex/latex/hyperref/puenc.def
File: puenc.def 2026-06-17 v7.01r Hyperref: PDF Unicode definition (HO)
Now handling font encoding PU ...
... no UTF-8 mapping file for font encoding PU
)
Package hyperref Info: Option `colorlinks' set `true' on input line 4070.
Package hyperref Info: Option `colorlinks' set `true' on input line 4070.
Package hyperref Info: Option `hypertexnames' set `false' on input line 4070.
Package hyperref Info: Option `verbose' set `true' on input line 4070.
Package hyperref Info: Option `unicode' set `true' on input line 4070.
Package hyperref Info: Option `unicode' set `true' on input line 4070.
Package hyperref Info: Option `unicode' set `true' on input line 4070.
Package hyperref Info: Hyper figures OFF on input line 4199.
Package hyperref Info: Link nesting OFF on input line 4204.
Package hyperref Info: Hyper index ON on input line 4207.
Package hyperref Info: Plain pages OFF on input line 4214.
Package hyperref Info: Backreferencing OFF on input line 4219.
Package hyperref Info: Implicit mode ON; LaTeX internals redefined.
Package hyperref Info: Bookmarks ON on input line 4466.
\c@Hy@tempcnt=\count353
LaTeX Info: Redefining \url on input line 4805.
\XeTeXLinkMargin=\dimen199
(/usr/local/texlive/2026/texmf-dist/tex/generic/bitset/bitset.sty
Package: bitset 2019/12/09 v1.3 Handle bit-vector datatype (HO)
(/usr/local/texlive/2026/texmf-dist/tex/generic/bigintcalc/bigintcalc.sty
Package: bigintcalc 2019/12/15 v1.5 Expandable calculations on big integers (HO
)
))
\Fld@menulength=\count354
\Field@Width=\dimen256
\Fld@charsize=\dimen257
\Field@toks=\toks37
Package hyperref Info: Hyper figures OFF on input line 6091.
Package hyperref Info: Link nesting OFF on input line 6096.
Package hyperref Info: Hyper index ON on input line 6099.
Package hyperref Info: backreferencing OFF on input line 6106.
Package hyperref Info: Link coloring ON on input line 6109.
Package hyperref Info: Link coloring with OCG OFF on input line 6116.
Package hyperref Info: PDF/A mode OFF on input line 6121.
\Hy@abspage=\count355

Package hyperref Message: Stopped early.

)
Package hyperref Info: Driver: htex4ht.
(/usr/local/texlive/2026/texmf-dist/tex/latex/hyperref/htex4ht.def
File: htex4ht.def 2026-06-17 v7.01r Hyperref driver for TeX4ht
Package hyperref Info: tex4ht is already loaded.
)
Package hyperref Info: Option `colorlinks' set `true' on input line 157.
Including MathFactsList.defs) (./Resources/texmf-local/tex/latex/econtexShortcu
ts.sty) (./Syllabus.sty (./Resources/LaTeXInputs/pdfsuppressruntime.sty
pdfTeX warning (\pdftrailerid): not allowed in DVI mode (\pdfoutput <= 0); igno
ring it
)) (./Syllabus.cfg (/usr/local/texlive/2026/texmf-dist/tex/generic/tex4ht/tex4h
t.4ht
version 2026-03-29-00:00
--------------------------------------
--- Note --- for additional information, use the command line option `info'
--------------------------------------
::::::::::::::::::::::::::::::::::::::::::
 TeX4ht info is available in the log file 
::::::::::::::::::::::::::::::::::::::::::
) (/usr/local/texlive/2026/texmf-dist/tex/generic/tex4ht/tex4ht.sty
version 2026-03-11-13:21
l.882 --- TeX4ht warning --- nonprimitive \everypar ---
--- needs --- tex4ht Syllabus ---
\tmp:cnt=\count356
\openout15 = `Syllabus.tmp'.

(./Syllabus.tmp)
\tmp:dim=\skip85
--------------------------------------
--- Note --- for XML code, use the command line option `xml' or `xhtml'
--------------------------------------
(./Syllabus.xref)
\:refout=\write3
\openout3 = `Syllabus.xref'.

(/usr/local/texlive/2026/texmf-dist/tex/generic/tex4ht/html4.4ht
version 2026-08-26-08:46
--------------------------------------
--- Note --- to remove the <?xml version=...?> processing instruction use the c
ommand line option `no-VERSION'
--------------------------------------
--------------------------------------
--- Note --- to remove the DOCTYPE declaration use the command line option `no-
DOCTYPE'
--------------------------------------
) (/usr/local/texlive/2026/texmf-dist/tex/generic/tex4ht/unicode.4ht
version 2026-01-04-08:10
) (/usr/local/texlive/2026/texmf-dist/tex/generic/tex4ht/html4-math.4ht
version 2026-07-08-13:21
) (/usr/local/texlive/2026/texmf-dist/tex/generic/tex4ht/svg-option.4ht
version 2018-12-30-09:33
) (/usr/local/texlive/2026/texmf-dist/tex/generic/tex4ht/html5.4ht
version 2026-01-18-07:06
)
--------------------------------------
--- Note --- for marking of the base font, use the command line option `fonts+'

--------------------------------------
--------------------------------------
--- Note --- for non active _, use the command line option `no_'
--------------------------------------
--------------------------------------
--- Note --- for _ of catcode 13, use the command line option `_13'
--------------------------------------
--------------------------------------
--- Note --- for non active ^, use the command line option `no^'
--------------------------------------
--------------------------------------
--- Note --- for ^ of catcode 13, use the command line option `^13'
--------------------------------------
(/usr/local/texlive/2026/texmf-dist/tex/generic/tex4ht/html4.4ht
version 2026-08-26-08:46
--------------------------------------
--- Note --- to ignore CSS font decoration, use the `NoFonts' command line opti
on
--------------------------------------
--------------------------------------
--- Note --- for jpg bitmaps of pictures, use the `jpg' command line option. (C
haracter bitmaps are controled only by `g' records of tex4ht.env and `-g' switc
hes of tex4ht.c) 
--------------------------------------
--------------------------------------
--- Note --- for gif bitmaps of pictures, use the `gif' command line option. (C
haracter bitmaps are controled only by `g' records of tex4ht.env and `-g' switc
hes of tex4ht.c) 
--------------------------------------
--------------------------------------
--- Note --- for content and toc in 2 frames, use the command line option `fram
es'
--------------------------------------
--------------------------------------
--- Note --- for content, toc, and footnotes in 3 frames, use the command line 
option `frames-fn'
--------------------------------------
--------------------------------------
--- Note --- for file extension name xht, use the command line option `xht'
--------------------------------------
TeX4ht package options: svg,charset=utf-8,html5,html,charset="latin1",p-width,p
ic-align,pic-tabular
--------------------------------------
--- Note --- To print a timestamp, use the command line option timestamp
--------------------------------------
--------------------------------------
--- Note --- to ignore CSS code, use the command line option `-css
--------------------------------------
--------------------------------------
--- Note --- for inline CSS code, use the command line option `css-in'
--------------------------------------
--------------------------------------
--- Note --- for pop ups on mouse over, use the command line option `mouseover'

--------------------------------------
--------------------------------------
--- Note --- for addressing images in a subdirectory, use the command line opti
on `imgdir:.../'
--------------------------------------
) (/usr/local/texlive/2026/texmf-dist/tex/generic/tex4ht/unicode.4ht
version 2026-01-04-08:10
) (/usr/local/texlive/2026/texmf-dist/tex/generic/tex4ht/html4-math.4ht
version 2026-07-08-13:21
) (/usr/local/texlive/2026/texmf-dist/tex/generic/tex4ht/svg-option.4ht
version 2018-12-30-09:33
--------------------------------------
--- Note --- for external SVG files try the command line options `svg-obj' and 
'svg-'
--------------------------------------
) (/usr/local/texlive/2026/texmf-dist/tex/generic/tex4ht/html5.4ht
version 2026-01-18-07:06
--------------------------------------
--- Note --- To print a timestamp, use the command line option timestamp
--------------------------------------
--------------------------------------
--- Note --- We use a default CSS style. Use the `nostyle' option if you want t
o use custom a CSS design
--------------------------------------
)
\:tokwrite=\toks38
\:tokpage=\toks39
--------------------------------------
--- Note --- for back links to toc, use the command line option `sections+'
--------------------------------------
--------------------------------------
--- Note --- for linear crosslinks of pages, use the command line option `next'

--------------------------------------
\openout15 = `Syllabus.4ct'.

\:tocout=\write4
\openout4 = `Syllabus.4tc'.

(Syllabus.4tc) (/usr/local/texlive/2026/texmf-dist/tex/generic/tex4ht/html4.4ht
version 2026-08-26-08:46
) (/usr/local/texlive/2026/texmf-dist/tex/generic/tex4ht/unicode.4ht
version 2026-01-04-08:10
) (/usr/local/texlive/2026/texmf-dist/tex/generic/tex4ht/html4-math.4ht
version 2026-07-08-13:21
) (/usr/local/texlive/2026/texmf-dist/tex/generic/tex4ht/svg-option.4ht
version 2018-12-30-09:33
) (/usr/local/texlive/2026/texmf-dist/tex/generic/tex4ht/html5.4ht
version 2026-01-18-07:06
) (/usr/local/texlive/2026/texmf-dist/tex/generic/tex4ht/latex.4ht
version 2026-07-21-14:12
LaTeX Info: Redefining \_ on input line 180.
LaTeX Info: Redefining \begin on input line 634.
LaTeX Info: Redefining \end on input line 682.
LaTeX Info: Redefining \, on input line 844.
LaTeX Info: Redefining \; on input line 845.
LaTeX Info: Redefining \! on input line 846.
LaTeX Info: Redefining \: on input line 847.
LaTeX Info: Redefining \> on input line 848.
--------------------------------------
--- Note --- for links into captions, instead of float heads, use the command l
ine option `refcaption'
--------------------------------------
(/usr/local/texlive/2026/texmf-dist/tex/generic/tex4ht/html4.4ht
version 2026-08-26-08:46
) (/usr/local/texlive/2026/texmf-dist/tex/generic/tex4ht/unicode.4ht
version 2026-01-04-08:10
) (/usr/local/texlive/2026/texmf-dist/tex/generic/tex4ht/html4-math.4ht
version 2026-07-08-13:21
) (/usr/local/texlive/2026/texmf-dist/tex/generic/tex4ht/svg-option.4ht
version 2018-12-30-09:33
) (/usr/local/texlive/2026/texmf-dist/tex/generic/tex4ht/html5.4ht
version 2026-01-18-07:06
) (/usr/local/texlive/2026/texmf-dist/tex/generic/tex4ht/html4.4ht
version 2026-08-26-08:46
--------------------------------------
--- Note --- For mini tocs immediately aftter the header use the command line o
ption `minitoc<'
--------------------------------------
--------------------------------------
--- Note --- For full TOC on each page compatible with the collapsetoc DOM filt
er, use the `fulltoc' command line option.
--------------------------------------
--------------------------------------
--- Note --- for enumerated list elements with valued data, use the command lin
e option `enumerate+'
--------------------------------------
--------------------------------------
--- Note --- for enumerated list elements li's with value attributes, use the c
ommand line option `enumerate-'
--------------------------------------
--------------------------------------
--- Note --- for CSS2 code, use the command line option `css2'
--------------------------------------
--------------------------------------
--- Note --- for bitmap fbox'es, use the command line option `pic-fbox'
--------------------------------------
--------------------------------------
--- Note --- for minipage with width, use the command line option `minipage-wid
th'
--------------------------------------
--------------------------------------
--- Note --- for bitmap framebox'es, use the command line option `pic-framebox'

--------------------------------------
--------------------------------------
--- Note --- for inline footnotes use command line option `fn-in'
--------------------------------------
--------------------------------------
--- Note --- for tracing of latex font commands, use the command line option `f
onts'
--------------------------------------
) (/usr/local/texlive/2026/texmf-dist/tex/generic/tex4ht/unicode.4ht
version 2026-01-04-08:10
) (/usr/local/texlive/2026/texmf-dist/tex/generic/tex4ht/html4-math.4ht
version 2026-07-08-13:21
--------------------------------------
--- Note --- for pictorial eqnarray, use the command line option `pic-eqnarray'

--------------------------------------
--------------------------------------
--- Note --- for pictorial array, use the command line option `pic-array'
--------------------------------------
--------------------------------------
--- Note --- for pictorial $...$ environments, use the command line option `pic
-m' (not recommended!!)
--------------------------------------
--------------------------------------
--- Note --- for pictorial $...$ and $$...$$ environments with latex alt, use t
he command line option `pic-m+' (not safe!!)
--------------------------------------
--------------------------------------
--- Note --- for pictorial array, use the command line option `pic-array'
--------------------------------------
) (/usr/local/texlive/2026/texmf-dist/tex/generic/tex4ht/svg-option.4ht
version 2018-12-30-09:33
) (/usr/local/texlive/2026/texmf-dist/tex/generic/tex4ht/html5.4ht
version 2026-01-18-07:06
)) (/usr/local/texlive/2026/texmf-dist/tex/generic/tex4ht/fontmath.4ht
version 2022-10-25-13:59
(/usr/local/texlive/2026/texmf-dist/tex/generic/tex4ht/html4.4ht
version 2026-08-26-08:46
) (/usr/local/texlive/2026/texmf-dist/tex/generic/tex4ht/unicode.4ht
version 2026-01-04-08:10
) (/usr/local/texlive/2026/texmf-dist/tex/generic/tex4ht/html4-math.4ht
version 2026-07-08-13:21
) (/usr/local/texlive/2026/texmf-dist/tex/generic/tex4ht/svg-option.4ht
version 2018-12-30-09:33
) (/usr/local/texlive/2026/texmf-dist/tex/generic/tex4ht/html5.4ht
version 2026-01-18-07:06
)) (/usr/local/texlive/2026/texmf-dist/tex/generic/tex4ht/ifthen.4ht
version 2025-06-16-13:44
(/usr/local/texlive/2026/texmf-dist/tex/generic/tex4ht/html4.4ht
version 2026-08-26-08:46
) (/usr/local/texlive/2026/texmf-dist/tex/generic/tex4ht/unicode.4ht
version 2026-01-04-08:10
) (/usr/local/texlive/2026/texmf-dist/tex/generic/tex4ht/html4-math.4ht
version 2026-07-08-13:21
) (/usr/local/texlive/2026/texmf-dist/tex/generic/tex4ht/svg-option.4ht
version 2018-12-30-09:33
) (/usr/local/texlive/2026/texmf-dist/tex/generic/tex4ht/html5.4ht
version 2026-01-18-07:06
)) (/usr/local/texlive/2026/texmf-dist/tex/generic/tex4ht/changepage.4ht
version 2024-01-04-13:21
(/usr/local/texlive/2026/texmf-dist/tex/generic/tex4ht/html4.4ht
version 2026-08-26-08:46
) (/usr/local/texlive/2026/texmf-dist/tex/generic/tex4ht/unicode.4ht
version 2026-01-04-08:10
) (/usr/local/texlive/2026/texmf-dist/tex/generic/tex4ht/html4-math.4ht
version 2026-07-08-13:21
) (/usr/local/texlive/2026/texmf-dist/tex/generic/tex4ht/svg-option.4ht
version 2018-12-30-09:33
) (/usr/local/texlive/2026/texmf-dist/tex/generic/tex4ht/html5.4ht
version 2026-01-18-07:06
)) (/usr/local/texlive/2026/texmf-dist/tex/generic/tex4ht/scrartcl.4ht
version 2025-12-27-14:44
(/usr/local/texlive/2026/texmf-dist/tex/generic/tex4ht/article.4ht
version 2023-04-10-13:46
(/usr/local/texlive/2026/texmf-dist/tex/generic/tex4ht/html4.4ht
version 2026-08-26-08:46
--------------------------------------
--- Note --- to select section split level, use the command line option `splita
t=...'
--------------------------------------
--------------------------------------
--- Note --- for automatic sectioning pagination, use the command line option `
1', `2', `3', '4', '5', '6', or '7'
--------------------------------------
--------------------------------------
--- Note --- for files named derived from section titles, use the command line 
option `sec-filename'
--------------------------------------
--------------------------------------
--- Note --- for i-columns index, use the command line option `index=i' (e.g., 
index=2)
--------------------------------------
) (/usr/local/texlive/2026/texmf-dist/tex/generic/tex4ht/unicode.4ht
version 2026-01-04-08:10
) (/usr/local/texlive/2026/texmf-dist/tex/generic/tex4ht/html4-math.4ht
version 2026-07-08-13:21
) (/usr/local/texlive/2026/texmf-dist/tex/generic/tex4ht/svg-option.4ht
version 2018-12-30-09:33
) (/usr/local/texlive/2026/texmf-dist/tex/generic/tex4ht/html5.4ht
version 2026-01-18-07:06
)) (/usr/local/texlive/2026/texmf-dist/tex/generic/tex4ht/html4.4ht
version 2026-08-26-08:46
) (/usr/local/texlive/2026/texmf-dist/tex/generic/tex4ht/unicode.4ht
version 2026-01-04-08:10
) (/usr/local/texlive/2026/texmf-dist/tex/generic/tex4ht/html4-math.4ht
version 2026-07-08-13:21
) (/usr/local/texlive/2026/texmf-dist/tex/generic/tex4ht/svg-option.4ht
version 2018-12-30-09:33
) (/usr/local/texlive/2026/texmf-dist/tex/generic/tex4ht/html5.4ht
version 2026-01-18-07:06
)) (/usr/local/texlive/2026/texmf-dist/tex/generic/tex4ht/babel.4ht
version 2025-10-07-12:51
(/usr/local/texlive/2026/texmf-dist/tex/generic/tex4ht/html4.4ht
version 2026-08-26-08:46
) (/usr/local/texlive/2026/texmf-dist/tex/generic/tex4ht/unicode.4ht
version 2026-01-04-08:10
) (/usr/local/texlive/2026/texmf-dist/tex/generic/tex4ht/html4-math.4ht
version 2026-07-08-13:21
) (/usr/local/texlive/2026/texmf-dist/tex/generic/tex4ht/svg-option.4ht
version 2018-12-30-09:33
) (/usr/local/texlive/2026/texmf-dist/tex/generic/tex4ht/html5.4ht
version 2026-01-18-07:06
)) (/usr/local/texlive/2026/texmf-dist/tex/generic/tex4ht/english.4ht
version 2009-05-21-09:32
(/usr/local/texlive/2026/texmf-dist/tex/generic/tex4ht/html4.4ht
version 2026-08-26-08:46
) (/usr/local/texlive/2026/texmf-dist/tex/generic/tex4ht/unicode.4ht
version 2026-01-04-08:10
) (/usr/local/texlive/2026/texmf-dist/tex/generic/tex4ht/html4-math.4ht
version 2026-07-08-13:21
) (/usr/local/texlive/2026/texmf-dist/tex/generic/tex4ht/svg-option.4ht
version 2018-12-30-09:33
) (/usr/local/texlive/2026/texmf-dist/tex/generic/tex4ht/html5.4ht
version 2026-01-18-07:06
)) (/usr/local/texlive/2026/texmf-dist/tex/generic/tex4ht/cancel.4ht
version 2022-05-19-13:37
(/usr/local/texlive/2026/texmf-dist/tex/generic/tex4ht/html4.4ht
version 2026-08-26-08:46
) (/usr/local/texlive/2026/texmf-dist/tex/generic/tex4ht/unicode.4ht
version 2026-01-04-08:10
) (/usr/local/texlive/2026/texmf-dist/tex/generic/tex4ht/html4-math.4ht
version 2026-07-08-13:21
) (/usr/local/texlive/2026/texmf-dist/tex/generic/tex4ht/svg-option.4ht
version 2018-12-30-09:33
) (/usr/local/texlive/2026/texmf-dist/tex/generic/tex4ht/html5.4ht
version 2026-01-18-07:06
)) (/usr/local/texlive/2026/texmf-dist/tex/generic/tex4ht/verbatim.4ht
version 2021-07-04-09:13
(/usr/local/texlive/2026/texmf-dist/tex/generic/tex4ht/html4.4ht
version 2026-08-26-08:46
) (/usr/local/texlive/2026/texmf-dist/tex/generic/tex4ht/unicode.4ht
version 2026-01-04-08:10
) (/usr/local/texlive/2026/texmf-dist/tex/generic/tex4ht/html4-math.4ht
version 2026-07-08-13:21
) (/usr/local/texlive/2026/texmf-dist/tex/generic/tex4ht/svg-option.4ht
version 2018-12-30-09:33
) (/usr/local/texlive/2026/texmf-dist/tex/generic/tex4ht/html5.4ht
version 2026-01-18-07:06
)) (/usr/local/texlive/2026/texmf-dist/tex/generic/tex4ht/amsmath.4ht
version 2025-12-11-13:10
\tmp:muskip=\muskip19
(/usr/local/texlive/2026/texmf-dist/tex/generic/tex4ht/html4.4ht
version 2026-08-26-08:46
) (/usr/local/texlive/2026/texmf-dist/tex/generic/tex4ht/unicode.4ht
version 2026-01-04-08:10
) (/usr/local/texlive/2026/texmf-dist/tex/generic/tex4ht/html4-math.4ht
version 2026-07-08-13:21
LaTeX Info: Redefining \[ on input line 512.
LaTeX Info: Redefining \] on input line 512.
) (/usr/local/texlive/2026/texmf-dist/tex/generic/tex4ht/svg-option.4ht
version 2018-12-30-09:33
) (/usr/local/texlive/2026/texmf-dist/tex/generic/tex4ht/html5.4ht
version 2026-01-18-07:06
)) (/usr/local/texlive/2026/texmf-dist/tex/generic/tex4ht/amstext.4ht
version 2009-05-21-09:32
(/usr/local/texlive/2026/texmf-dist/tex/generic/tex4ht/html4.4ht
version 2026-08-26-08:46
) (/usr/local/texlive/2026/texmf-dist/tex/generic/tex4ht/unicode.4ht
version 2026-01-04-08:10
) (/usr/local/texlive/2026/texmf-dist/tex/generic/tex4ht/html4-math.4ht
version 2026-07-08-13:21
) (/usr/local/texlive/2026/texmf-dist/tex/generic/tex4ht/svg-option.4ht
version 2018-12-30-09:33
) (/usr/local/texlive/2026/texmf-dist/tex/generic/tex4ht/html5.4ht
version 2026-01-18-07:06
)) (/usr/local/texlive/2026/texmf-dist/tex/generic/tex4ht/amsbsy.4ht
version 2009-05-21-09:32
(/usr/local/texlive/2026/texmf-dist/tex/generic/tex4ht/html4.4ht
version 2026-08-26-08:46
) (/usr/local/texlive/2026/texmf-dist/tex/generic/tex4ht/unicode.4ht
version 2026-01-04-08:10
) (/usr/local/texlive/2026/texmf-dist/tex/generic/tex4ht/html4-math.4ht
version 2026-07-08-13:21
) (/usr/local/texlive/2026/texmf-dist/tex/generic/tex4ht/svg-option.4ht
version 2018-12-30-09:33
) (/usr/local/texlive/2026/texmf-dist/tex/generic/tex4ht/html5.4ht
version 2026-01-18-07:06
)) (/usr/local/texlive/2026/texmf-dist/tex/generic/tex4ht/amsopn.4ht
version 2009-05-21-09:32
(/usr/local/texlive/2026/texmf-dist/tex/generic/tex4ht/html4.4ht
version 2026-08-26-08:46
) (/usr/local/texlive/2026/texmf-dist/tex/generic/tex4ht/unicode.4ht
version 2026-01-04-08:10
) (/usr/local/texlive/2026/texmf-dist/tex/generic/tex4ht/html4-math.4ht
version 2026-07-08-13:21
) (/usr/local/texlive/2026/texmf-dist/tex/generic/tex4ht/svg-option.4ht
version 2018-12-30-09:33
) (/usr/local/texlive/2026/texmf-dist/tex/generic/tex4ht/html5.4ht
version 2026-01-18-07:06
)) (/usr/local/texlive/2026/texmf-dist/tex/generic/tex4ht/amssymb.4ht
version 2009-05-21-09:32
(/usr/local/texlive/2026/texmf-dist/tex/generic/tex4ht/html4.4ht
version 2026-08-26-08:46
) (/usr/local/texlive/2026/texmf-dist/tex/generic/tex4ht/unicode.4ht
version 2026-01-04-08:10
) (/usr/local/texlive/2026/texmf-dist/tex/generic/tex4ht/html4-math.4ht
version 2026-07-08-13:21
) (/usr/local/texlive/2026/texmf-dist/tex/generic/tex4ht/svg-option.4ht
version 2018-12-30-09:33
) (/usr/local/texlive/2026/texmf-dist/tex/generic/tex4ht/html5.4ht
version 2026-01-18-07:06
)) (/usr/local/texlive/2026/texmf-dist/tex/generic/tex4ht/amsfonts.4ht
version 2024-11-03-05:51
(/usr/local/texlive/2026/texmf-dist/tex/generic/tex4ht/html4.4ht
version 2026-08-26-08:46
) (/usr/local/texlive/2026/texmf-dist/tex/generic/tex4ht/unicode.4ht
version 2026-01-04-08:10
) (/usr/local/texlive/2026/texmf-dist/tex/generic/tex4ht/html4-math.4ht
version 2026-07-08-13:21
) (/usr/local/texlive/2026/texmf-dist/tex/generic/tex4ht/svg-option.4ht
version 2018-12-30-09:33
) (/usr/local/texlive/2026/texmf-dist/tex/generic/tex4ht/html5.4ht
version 2026-01-18-07:06
)) (/usr/local/texlive/2026/texmf-dist/tex/generic/tex4ht/amsthm.4ht
version 2009-05-21-09:32
(/usr/local/texlive/2026/texmf-dist/tex/generic/tex4ht/html4.4ht
version 2026-08-26-08:46
) (/usr/local/texlive/2026/texmf-dist/tex/generic/tex4ht/unicode.4ht
version 2026-01-04-08:10
) (/usr/local/texlive/2026/texmf-dist/tex/generic/tex4ht/html4-math.4ht
version 2026-07-08-13:21
) (/usr/local/texlive/2026/texmf-dist/tex/generic/tex4ht/svg-option.4ht
version 2018-12-30-09:33
) (/usr/local/texlive/2026/texmf-dist/tex/generic/tex4ht/html5.4ht
version 2026-01-18-07:06
)) (/usr/local/texlive/2026/texmf-dist/tex/generic/tex4ht/threeparttable.4ht
version 2022-03-08-13:51
(/usr/local/texlive/2026/texmf-dist/tex/generic/tex4ht/html4.4ht
version 2026-08-26-08:46
) (/usr/local/texlive/2026/texmf-dist/tex/generic/tex4ht/unicode.4ht
version 2026-01-04-08:10
) (/usr/local/texlive/2026/texmf-dist/tex/generic/tex4ht/html4-math.4ht
version 2026-07-08-13:21
) (/usr/local/texlive/2026/texmf-dist/tex/generic/tex4ht/svg-option.4ht
version 2018-12-30-09:33
) (/usr/local/texlive/2026/texmf-dist/tex/generic/tex4ht/html5.4ht
version 2026-01-18-07:06
)) (/usr/local/texlive/2026/texmf-dist/tex/generic/tex4ht/dcolumn.4ht
version 2009-05-21-09:32
(/usr/local/texlive/2026/texmf-dist/tex/generic/tex4ht/html4.4ht
version 2026-08-26-08:46
) (/usr/local/texlive/2026/texmf-dist/tex/generic/tex4ht/unicode.4ht
version 2026-01-04-08:10
) (/usr/local/texlive/2026/texmf-dist/tex/generic/tex4ht/html4-math.4ht
version 2026-07-08-13:21
) (/usr/local/texlive/2026/texmf-dist/tex/generic/tex4ht/svg-option.4ht
version 2018-12-30-09:33
) (/usr/local/texlive/2026/texmf-dist/tex/generic/tex4ht/html5.4ht
version 2026-01-18-07:06
)) (/usr/local/texlive/2026/texmf-dist/tex/generic/tex4ht/array.4ht
version 2025-08-14-13:28
(/usr/local/texlive/2026/texmf-dist/tex/generic/tex4ht/html4.4ht
version 2026-08-26-08:46
) (/usr/local/texlive/2026/texmf-dist/tex/generic/tex4ht/unicode.4ht
version 2026-01-04-08:10
) (/usr/local/texlive/2026/texmf-dist/tex/generic/tex4ht/html4-math.4ht
version 2026-07-08-13:21
--------------------------------------
--- Note --- for pictorial array, use the command line option `pic-array'
--------------------------------------
) (/usr/local/texlive/2026/texmf-dist/tex/generic/tex4ht/svg-option.4ht
version 2018-12-30-09:33
) (/usr/local/texlive/2026/texmf-dist/tex/generic/tex4ht/html5.4ht
version 2026-01-18-07:06
)) (/usr/local/texlive/2026/texmf-dist/tex/generic/tex4ht/multicol.4ht
version 2022-04-29-14:33
(/usr/local/texlive/2026/texmf-dist/tex/generic/tex4ht/html4.4ht
version 2026-08-26-08:46
) (/usr/local/texlive/2026/texmf-dist/tex/generic/tex4ht/unicode.4ht
version 2026-01-04-08:10
) (/usr/local/texlive/2026/texmf-dist/tex/generic/tex4ht/html4-math.4ht
version 2026-07-08-13:21
) (/usr/local/texlive/2026/texmf-dist/tex/generic/tex4ht/svg-option.4ht
version 2018-12-30-09:33
) (/usr/local/texlive/2026/texmf-dist/tex/generic/tex4ht/html5.4ht
version 2026-01-18-07:06
)) (/usr/local/texlive/2026/texmf-dist/tex/generic/tex4ht/multirow.4ht
version 2021-06-20-09:36
(/usr/local/texlive/2026/texmf-dist/tex/generic/tex4ht/html4.4ht
version 2026-08-26-08:46
) (/usr/local/texlive/2026/texmf-dist/tex/generic/tex4ht/unicode.4ht
version 2026-01-04-08:10
) (/usr/local/texlive/2026/texmf-dist/tex/generic/tex4ht/html4-math.4ht
version 2026-07-08-13:21
) (/usr/local/texlive/2026/texmf-dist/tex/generic/tex4ht/svg-option.4ht
version 2018-12-30-09:33
) (/usr/local/texlive/2026/texmf-dist/tex/generic/tex4ht/html5.4ht
version 2026-01-18-07:06
)) (/usr/local/texlive/2026/texmf-dist/tex/generic/tex4ht/booktabs.4ht
version 2009-05-21-09:32
(/usr/local/texlive/2026/texmf-dist/tex/generic/tex4ht/html4.4ht
version 2026-08-26-08:46
) (/usr/local/texlive/2026/texmf-dist/tex/generic/tex4ht/unicode.4ht
version 2026-01-04-08:10
) (/usr/local/texlive/2026/texmf-dist/tex/generic/tex4ht/html4-math.4ht
version 2026-07-08-13:21
) (/usr/local/texlive/2026/texmf-dist/tex/generic/tex4ht/svg-option.4ht
version 2018-12-30-09:33
) (/usr/local/texlive/2026/texmf-dist/tex/generic/tex4ht/html5.4ht
version 2026-01-18-07:06
)) (/usr/local/texlive/2026/texmf-dist/tex/generic/tex4ht/afterpage.4ht
version 2009-05-21-09:32
l.37 --- TeX4ht warning --- afterpage.sty not supported ---
(/usr/local/texlive/2026/texmf-dist/tex/generic/tex4ht/html4.4ht
version 2026-08-26-08:46
) (/usr/local/texlive/2026/texmf-dist/tex/generic/tex4ht/unicode.4ht
version 2026-01-04-08:10
) (/usr/local/texlive/2026/texmf-dist/tex/generic/tex4ht/html4-math.4ht
version 2026-07-08-13:21
) (/usr/local/texlive/2026/texmf-dist/tex/generic/tex4ht/svg-option.4ht
version 2018-12-30-09:33
) (/usr/local/texlive/2026/texmf-dist/tex/generic/tex4ht/html5.4ht
version 2026-01-18-07:06
)) (/usr/local/texlive/2026/texmf-dist/tex/generic/tex4ht/enotez.4ht
version 2023-10-31-12:28
(/usr/local/texlive/2026/texmf-dist/tex/generic/tex4ht/html4.4ht
version 2026-08-26-08:46
) (/usr/local/texlive/2026/texmf-dist/tex/generic/tex4ht/unicode.4ht
version 2026-01-04-08:10
) (/usr/local/texlive/2026/texmf-dist/tex/generic/tex4ht/html4-math.4ht
version 2026-07-08-13:21
) (/usr/local/texlive/2026/texmf-dist/tex/generic/tex4ht/svg-option.4ht
version 2018-12-30-09:33
) (/usr/local/texlive/2026/texmf-dist/tex/generic/tex4ht/html5.4ht
version 2026-01-18-07:06
)) (/usr/local/texlive/2026/texmf-dist/tex/generic/tex4ht/moreverb.4ht
version 2021-06-06-09:18
(/usr/local/texlive/2026/texmf-dist/tex/generic/tex4ht/html4.4ht
version 2026-08-26-08:46
) (/usr/local/texlive/2026/texmf-dist/tex/generic/tex4ht/unicode.4ht
version 2026-01-04-08:10
) (/usr/local/texlive/2026/texmf-dist/tex/generic/tex4ht/html4-math.4ht
version 2026-07-08-13:21
) (/usr/local/texlive/2026/texmf-dist/tex/generic/tex4ht/svg-option.4ht
version 2018-12-30-09:33
) (/usr/local/texlive/2026/texmf-dist/tex/generic/tex4ht/html5.4ht
version 2026-01-18-07:06
)) (/usr/local/texlive/2026/texmf-dist/tex/generic/tex4ht/xcolor.4ht
version 2025-06-05-13:26
(/usr/local/texlive/2026/texmf-dist/tex/generic/tex4ht/color.4ht
version 2025-06-05-13:26
(/usr/local/texlive/2026/texmf-dist/tex/generic/tex4ht/html4.4ht
version 2026-08-26-08:46
) (/usr/local/texlive/2026/texmf-dist/tex/generic/tex4ht/unicode.4ht
version 2026-01-04-08:10
) (/usr/local/texlive/2026/texmf-dist/tex/generic/tex4ht/html4-math.4ht
version 2026-07-08-13:21
) (/usr/local/texlive/2026/texmf-dist/tex/generic/tex4ht/svg-option.4ht
version 2018-12-30-09:33
) (/usr/local/texlive/2026/texmf-dist/tex/generic/tex4ht/html5.4ht
version 2026-01-18-07:06
)) (/usr/local/texlive/2026/texmf-dist/tex/generic/tex4ht/html4.4ht
version 2026-08-26-08:46
) (/usr/local/texlive/2026/texmf-dist/tex/generic/tex4ht/unicode.4ht
version 2026-01-04-08:10
) (/usr/local/texlive/2026/texmf-dist/tex/generic/tex4ht/html4-math.4ht
version 2026-07-08-13:21
) (/usr/local/texlive/2026/texmf-dist/tex/generic/tex4ht/svg-option.4ht
version 2018-12-30-09:33
) (/usr/local/texlive/2026/texmf-dist/tex/generic/tex4ht/html5.4ht
version 2026-01-18-07:06
)) (/usr/local/texlive/2026/texmf-dist/tex/generic/tex4ht/color.4ht
version 2025-06-05-13:26
) (/usr/local/texlive/2026/texmf-dist/tex/generic/tex4ht/dvips.4ht
version 2009-05-21-09:32
(/usr/local/texlive/2026/texmf-dist/tex/generic/tex4ht/html4.4ht
version 2026-08-26-08:46
) (/usr/local/texlive/2026/texmf-dist/tex/generic/tex4ht/unicode.4ht
version 2026-01-04-08:10
) (/usr/local/texlive/2026/texmf-dist/tex/generic/tex4ht/html4-math.4ht
version 2026-07-08-13:21
) (/usr/local/texlive/2026/texmf-dist/tex/generic/tex4ht/svg-option.4ht
version 2018-12-30-09:33
) (/usr/local/texlive/2026/texmf-dist/tex/generic/tex4ht/html5.4ht
version 2026-01-18-07:06
)) (/usr/local/texlive/2026/texmf-dist/tex/generic/tex4ht/accents.4ht
version 2009-05-21-09:32
(/usr/local/texlive/2026/texmf-dist/tex/generic/tex4ht/html4.4ht
version 2026-08-26-08:46
) (/usr/local/texlive/2026/texmf-dist/tex/generic/tex4ht/unicode.4ht
version 2026-01-04-08:10
) (/usr/local/texlive/2026/texmf-dist/tex/generic/tex4ht/html4-math.4ht
version 2026-07-08-13:21
) (/usr/local/texlive/2026/texmf-dist/tex/generic/tex4ht/svg-option.4ht
version 2018-12-30-09:33
) (/usr/local/texlive/2026/texmf-dist/tex/generic/tex4ht/html5.4ht
version 2026-01-18-07:06
)) (/usr/local/texlive/2026/texmf-dist/tex/generic/tex4ht/appendix.4ht
version 2019-10-24-10:36
(/usr/local/texlive/2026/texmf-dist/tex/generic/tex4ht/html4.4ht
version 2026-08-26-08:46
) (/usr/local/texlive/2026/texmf-dist/tex/generic/tex4ht/unicode.4ht
version 2026-01-04-08:10
) (/usr/local/texlive/2026/texmf-dist/tex/generic/tex4ht/html4-math.4ht
version 2026-07-08-13:21
) (/usr/local/texlive/2026/texmf-dist/tex/generic/tex4ht/svg-option.4ht
version 2018-12-30-09:33
) (/usr/local/texlive/2026/texmf-dist/tex/generic/tex4ht/html5.4ht
version 2026-01-18-07:06
)) (/usr/local/texlive/2026/texmf-dist/tex/generic/tex4ht/eucal.4ht
version 2009-05-21-09:32
(/usr/local/texlive/2026/texmf-dist/tex/generic/tex4ht/html4.4ht
version 2026-08-26-08:46
) (/usr/local/texlive/2026/texmf-dist/tex/generic/tex4ht/unicode.4ht
version 2026-01-04-08:10
) (/usr/local/texlive/2026/texmf-dist/tex/generic/tex4ht/html4-math.4ht
version 2026-07-08-13:21
) (/usr/local/texlive/2026/texmf-dist/tex/generic/tex4ht/svg-option.4ht
version 2018-12-30-09:33
) (/usr/local/texlive/2026/texmf-dist/tex/generic/tex4ht/html5.4ht
version 2026-01-18-07:06
)) (/usr/local/texlive/2026/texmf-dist/tex/generic/tex4ht/ulem.4ht
version 2022-05-01-08:25
(/usr/local/texlive/2026/texmf-dist/tex/generic/tex4ht/html4.4ht
version 2026-08-26-08:46
) (/usr/local/texlive/2026/texmf-dist/tex/generic/tex4ht/unicode.4ht
version 2026-01-04-08:10
) (/usr/local/texlive/2026/texmf-dist/tex/generic/tex4ht/html4-math.4ht
version 2026-07-08-13:21
) (/usr/local/texlive/2026/texmf-dist/tex/generic/tex4ht/svg-option.4ht
version 2018-12-30-09:33
) (/usr/local/texlive/2026/texmf-dist/tex/generic/tex4ht/html5.4ht
version 2026-01-18-07:06
)) (/usr/local/texlive/2026/texmf-dist/tex/generic/tex4ht/bm.4ht
version 2009-05-21-09:32
(/usr/local/texlive/2026/texmf-dist/tex/generic/tex4ht/html4.4ht
version 2026-08-26-08:46
) (/usr/local/texlive/2026/texmf-dist/tex/generic/tex4ht/unicode.4ht
version 2026-01-04-08:10
) (/usr/local/texlive/2026/texmf-dist/tex/generic/tex4ht/html4-math.4ht
version 2026-07-08-13:21
) (/usr/local/texlive/2026/texmf-dist/tex/generic/tex4ht/svg-option.4ht
version 2018-12-30-09:33
) (/usr/local/texlive/2026/texmf-dist/tex/generic/tex4ht/html5.4ht
version 2026-01-18-07:06
)) (/usr/local/texlive/2026/texmf-dist/tex/generic/tex4ht/url.4ht
version 2025-07-11-09:25
(/usr/local/texlive/2026/texmf-dist/tex/generic/tex4ht/html4.4ht
version 2026-08-26-08:46
--------------------------------------
--- Note --- for URL encoding within href use the command line option `url-enc'

--------------------------------------
) (/usr/local/texlive/2026/texmf-dist/tex/generic/tex4ht/unicode.4ht
version 2026-01-04-08:10
) (/usr/local/texlive/2026/texmf-dist/tex/generic/tex4ht/html4-math.4ht
version 2026-07-08-13:21
) (/usr/local/texlive/2026/texmf-dist/tex/generic/tex4ht/svg-option.4ht
version 2018-12-30-09:33
) (/usr/local/texlive/2026/texmf-dist/tex/generic/tex4ht/html5.4ht
version 2026-01-18-07:06
)) (/usr/local/texlive/2026/texmf-dist/tex/generic/tex4ht/natbib.4ht
version 2026-02-01-13:14
(/usr/local/texlive/2026/texmf-dist/tex/generic/tex4ht/html4.4ht
version 2026-08-26-08:46
) (/usr/local/texlive/2026/texmf-dist/tex/generic/tex4ht/unicode.4ht
version 2026-01-04-08:10
) (/usr/local/texlive/2026/texmf-dist/tex/generic/tex4ht/html4-math.4ht
version 2026-07-08-13:21
) (/usr/local/texlive/2026/texmf-dist/tex/generic/tex4ht/svg-option.4ht
version 2018-12-30-09:33
) (/usr/local/texlive/2026/texmf-dist/tex/generic/tex4ht/html5.4ht
version 2026-01-18-07:06
)) (/usr/local/texlive/2026/texmf-dist/tex/generic/tex4ht/footmisc.4ht
version 2024-06-20-13:26
\c@:footnotes=\count357
(/usr/local/texlive/2026/texmf-dist/tex/generic/tex4ht/html4.4ht
version 2026-08-26-08:46
) (/usr/local/texlive/2026/texmf-dist/tex/generic/tex4ht/unicode.4ht
version 2026-01-04-08:10
) (/usr/local/texlive/2026/texmf-dist/tex/generic/tex4ht/html4-math.4ht
version 2026-07-08-13:21
) (/usr/local/texlive/2026/texmf-dist/tex/generic/tex4ht/svg-option.4ht
version 2018-12-30-09:33
) (/usr/local/texlive/2026/texmf-dist/tex/generic/tex4ht/html5.4ht
version 2026-01-18-07:06
)) (/usr/local/texlive/2026/texmf-dist/tex/generic/tex4ht/manyfoot.4ht
version 2024-12-04-13:41
(/usr/local/texlive/2026/texmf-dist/tex/generic/tex4ht/html4.4ht
version 2026-08-26-08:46
) (/usr/local/texlive/2026/texmf-dist/tex/generic/tex4ht/unicode.4ht
version 2026-01-04-08:10
) (/usr/local/texlive/2026/texmf-dist/tex/generic/tex4ht/html4-math.4ht
version 2026-07-08-13:21
) (/usr/local/texlive/2026/texmf-dist/tex/generic/tex4ht/svg-option.4ht
version 2018-12-30-09:33
) (/usr/local/texlive/2026/texmf-dist/tex/generic/tex4ht/html5.4ht
version 2026-01-18-07:06
)) (/usr/local/texlive/2026/texmf-dist/tex/generic/tex4ht/ushort.4ht
version 2009-05-21-09:32
(/usr/local/texlive/2026/texmf-dist/tex/generic/tex4ht/html4.4ht
version 2026-08-26-08:46
) (/usr/local/texlive/2026/texmf-dist/tex/generic/tex4ht/unicode.4ht
version 2026-01-04-08:10
) (/usr/local/texlive/2026/texmf-dist/tex/generic/tex4ht/html4-math.4ht
version 2026-07-08-13:21
) (/usr/local/texlive/2026/texmf-dist/tex/generic/tex4ht/svg-option.4ht
version 2018-12-30-09:33
) (/usr/local/texlive/2026/texmf-dist/tex/generic/tex4ht/html5.4ht
version 2026-01-18-07:06
)) (/usr/local/texlive/2026/texmf-dist/tex/generic/tex4ht/graphicx.4ht
version 2022-01-12-13:53
(/usr/local/texlive/2026/texmf-dist/tex/generic/tex4ht/html4.4ht
version 2026-08-26-08:46
) (/usr/local/texlive/2026/texmf-dist/tex/generic/tex4ht/unicode.4ht
version 2026-01-04-08:10
) (/usr/local/texlive/2026/texmf-dist/tex/generic/tex4ht/html4-math.4ht
version 2026-07-08-13:21
) (/usr/local/texlive/2026/texmf-dist/tex/generic/tex4ht/svg-option.4ht
version 2018-12-30-09:33
) (/usr/local/texlive/2026/texmf-dist/tex/generic/tex4ht/html5.4ht
version 2026-01-18-07:06
)) (/usr/local/texlive/2026/texmf-dist/tex/generic/tex4ht/graphics.4ht
version 2024-03-07-13:56
(/usr/local/texlive/2026/texmf-dist/tex/generic/tex4ht/html4.4ht
version 2026-08-26-08:46
--------------------------------------
--- Note --- if included graphics are of degraded quality, try the command line
 options `graphics-num' or `graphics-'. The `num' should provide the density of
 pixels in the bitmaps (e.g., 110). 
--------------------------------------
--------------------------------------
--- Note --- for setting image dimensions, try the option `Gin-dim'; to use per
cents instead of units, use `Gin-perecent'; for key dimensions when bounding bo
x is unavailable try `Gin-dim+'; neither is recommended
--------------------------------------
) (/usr/local/texlive/2026/texmf-dist/tex/generic/tex4ht/unicode.4ht
version 2026-01-04-08:10
) (/usr/local/texlive/2026/texmf-dist/tex/generic/tex4ht/html4-math.4ht
version 2026-07-08-13:21
) (/usr/local/texlive/2026/texmf-dist/tex/generic/tex4ht/svg-option.4ht
version 2018-12-30-09:33
) (/usr/local/texlive/2026/texmf-dist/tex/generic/tex4ht/html5.4ht
version 2026-01-18-07:06
)) (/usr/local/texlive/2026/texmf-dist/tex/generic/tex4ht/hyperref.4ht
version 2026-09-02-13:42
LaTeX Info: Redefining \autoref on input line 88.
\Hy@SectionHShift=\skip86
LaTeX Info: Redefining \nolinkurl on input line 349.
(/usr/local/texlive/2026/texmf-dist/tex/generic/tex4ht/html4.4ht
version 2026-08-26-08:46
) (/usr/local/texlive/2026/texmf-dist/tex/generic/tex4ht/unicode.4ht
version 2026-01-04-08:10
) (/usr/local/texlive/2026/texmf-dist/tex/generic/tex4ht/html4-math.4ht
version 2026-07-08-13:21
) (/usr/local/texlive/2026/texmf-dist/tex/generic/tex4ht/svg-option.4ht
version 2018-12-30-09:33
) (/usr/local/texlive/2026/texmf-dist/tex/generic/tex4ht/html5.4ht
version 2026-01-18-07:06
)) (/usr/local/texlive/2026/texmf-dist/tex/generic/tex4ht/nameref.4ht
version 2025-03-03-13:56
(/usr/local/texlive/2026/texmf-dist/tex/generic/tex4ht/html4.4ht
version 2026-08-26-08:46
) (/usr/local/texlive/2026/texmf-dist/tex/generic/tex4ht/unicode.4ht
version 2026-01-04-08:10
) (/usr/local/texlive/2026/texmf-dist/tex/generic/tex4ht/html4-math.4ht
version 2026-07-08-13:21
) (/usr/local/texlive/2026/texmf-dist/tex/generic/tex4ht/svg-option.4ht
version 2018-12-30-09:33
) (/usr/local/texlive/2026/texmf-dist/tex/generic/tex4ht/html5.4ht
version 2026-01-18-07:06
)) (/usr/local/texlive/2026/texmf-dist/tex/generic/tex4ht/pd1enc.4ht
version 2009-05-21-09:32
(/usr/local/texlive/2026/texmf-dist/tex/generic/tex4ht/html4.4ht
version 2026-08-26-08:46
) (/usr/local/texlive/2026/texmf-dist/tex/generic/tex4ht/unicode.4ht
version 2026-01-04-08:10
) (/usr/local/texlive/2026/texmf-dist/tex/generic/tex4ht/html4-math.4ht
version 2026-07-08-13:21
) (/usr/local/texlive/2026/texmf-dist/tex/generic/tex4ht/svg-option.4ht
version 2018-12-30-09:33
) (/usr/local/texlive/2026/texmf-dist/tex/generic/tex4ht/html5.4ht
version 2026-01-18-07:06
)) (/usr/local/texlive/2026/texmf-dist/tex/generic/tex4ht/html4.4ht
version 2026-08-26-08:46
) (/usr/local/texlive/2026/texmf-dist/tex/generic/tex4ht/unicode.4ht
version 2026-01-04-08:10
) (/usr/local/texlive/2026/texmf-dist/tex/generic/tex4ht/html4-math.4ht
version 2026-07-08-13:21
) (/usr/local/texlive/2026/texmf-dist/tex/generic/tex4ht/svg-option.4ht
version 2018-12-30-09:33
) (/usr/local/texlive/2026/texmf-dist/tex/generic/tex4ht/html5.4ht
version 2026-01-18-07:06
))
Class scrartcl Info: loading recommended package `bookmark'.
(scrartcl)           Using `bookmark' together with `hyperref' is recommended,
(scrartcl)           because of handling of possible bookmark level gaps.
(scrartcl)           You can avoid loading `bookmark' with KOMA-Script option
(scrartcl)           `bookmarkpackage=false' before \begin{document} and
(scrartcl)           you can avoid this message adding:
(scrartcl)             \usepackage{bookmark}
(scrartcl)           before \begin{document} on input line 81.
(/usr/local/texlive/2026/texmf-dist/tex/generic/tex4ht/bookmark-hooks.4ht
version 2022-07-07-14:08
) (/usr/local/texlive/2026/texmf-dist/tex/latex/bookmark/bookmark.sty
Package: bookmark 2026-05-21 v1.32 PDF bookmarks (HO)
(/usr/local/texlive/2026/texmf-dist/tex/generic/tex4ht/hyperref-hooks.4ht
version 2023-09-17-08:01
)

Package bookmark Warning: Draft mode on.

) (./Syllabus.aux)
\openout1 = `Syllabus.aux'.

LaTeX Font Info:    Checking defaults for OML/cmm/m/it on input line 81.
LaTeX Font Info:    ... okay on input line 81.
LaTeX Font Info:    Checking defaults for OMS/cmsy/m/n on input line 81.
LaTeX Font Info:    ... okay on input line 81.
LaTeX Font Info:    Checking defaults for OT1/cmr/m/n on input line 81.
LaTeX Font Info:    ... okay on input line 81.
LaTeX Font Info:    Checking defaults for T1/cmr/m/n on input line 81.
LaTeX Font Info:    ... okay on input line 81.
LaTeX Font Info:    Checking defaults for TS1/cmr/m/n on input line 81.
LaTeX Font Info:    ... okay on input line 81.
LaTeX Font Info:    Checking defaults for OMX/cmex/m/n on input line 81.
LaTeX Font Info:    ... okay on input line 81.
LaTeX Font Info:    Checking defaults for U/cmr/m/n on input line 81.
LaTeX Font Info:    ... okay on input line 81.
LaTeX Font Info:    Checking defaults for T3/cmr/m/n on input line 81.
LaTeX Font Info:    Trying to load font information for T3+cmr on input line 81
.
(/usr/local/texlive/2026/texmf-dist/tex/latex/tipa/t3cmr.fd
File: t3cmr.fd 2001/12/31 TIPA font definitions
)
LaTeX Font Info:    ... okay on input line 81.
LaTeX Font Info:    Checking defaults for PD1/pdf/m/n on input line 81.
LaTeX Font Info:    ... okay on input line 81.
LaTeX Font Info:    Checking defaults for PU/pdf/m/n on input line 81.
LaTeX Font Info:    ... okay on input line 81.
Package scrbase Info: activating english \abstractname on input line 81.
Package scrbase Info: activating english \partname on input line 81.
Package scrbase Info: activating english \figurename on input line 81.
Package scrbase Info: activating english \tablename on input line 81.
Package scrbase Info: activating english \contentsname on input line 81.
Package scrbase Info: activating english \listfigurename on input line 81.
Package scrbase Info: activating english \listtablename on input line 81.
Package scrbase Info: activating english \refname on input line 81.
Package scrbase Info: activating english \indexname on input line 81.

(/usr/local/texlive/2026/texmf-dist/tex/latex/translations/translations-basic-d
ictionary-english.trsl
File: translations-basic-dictionary-english.trsl (english translation file `tra
nslations-basic-dictionary')
)
Package translations Info: loading dictionary `translations-basic-dictionary' f
or `english'. on input line 81.
Package hyperref Info: Link coloring ON on input line 81.
Package babel Info: Main language set to 'english'.
--- file Syllabus.css ---
\c=\count358
)
LaTeX Font Info:    Trying to load font information for U+msa on input line 26.

(/usr/local/texlive/2026/texmf-dist/tex/latex/amsfonts/umsa.fd
File: umsa.fd 2013/01/14 v3.01 AMS symbols A
)
LaTeX Font Info:    Trying to load font information for U+msb on input line 26.

(/usr/local/texlive/2026/texmf-dist/tex/latex/amsfonts/umsb.fd
File: umsb.fd 2013/01/14 v3.01 AMS symbols B
)
LaTeX Font Info:    Trying to load font information for U+lasy on input line 26
.
(/usr/local/texlive/2026/texmf-dist/tex/latex/base/ulasy.fd
File: ulasy.fd 1998/08/17 v2.2e LaTeX symbol font definitions
)
LaTeX Font Info:    Trying to load font information for U+wasy on input line 26
.
(/usr/local/texlive/2026/texmf-dist/tex/latex/wasysym/uwasy.fd
File: uwasy.fd 2020/01/19 v2.4 Wasy-2 symbol font definitions
)
\verbatim@out=\write5
\openout5 = `Syllabus.title'.

[1

]
l. 90 Writing Syllabus.idv[1] (Syllabus0x.svg)
l. 107 Writing Syllabus.idv[2] (Syllabus1x.svg)
[2] [3]
\openout5 = `./Sections/Method/title.tex'.


Package scrartcl Warning: Usage of \@startsection detected.
(scrartcl)                Note, the sectioning of scrartcl does neither use
(scrartcl)                nor support the usage of \@startsection command.
(scrartcl)                This means, that none of the KOMA-Script features
(scrartcl)                for headings is available for the heading on line
(scrartcl)                129.
(scrartcl)                If you need additional sectioning commands, you
(scrartcl)                should define them using \DeclareNewSectionCommand
(scrartcl)                instead.

\openout5 = `./Sections/Method/body.tex'.

(./Sections/Method/body.tex
l. 18 Writing Syllabus.idv[3] (Syllabus2x.svg)
l. 19 Writing Syllabus.idv[4] (Syllabus3x.svg)
l. 22 Writing Syllabus.idv[5] (Syllabus4x.svg)
l. 23 Writing Syllabus.idv[6] (Syllabus5x.svg)
l. 25 Writing Syllabus.idv[7] (Syllabus6x.svg)
l. 26 Writing Syllabus.idv[8] (Syllabus7x.svg)
)
\openout5 = `./Sections/Consumption/title.tex'.


Package scrartcl Warning: Usage of \@startsection detected.
(scrartcl)                Note, the sectioning of scrartcl does neither use
(scrartcl)                nor support the usage of \@startsection command.
(scrartcl)                This means, that none of the KOMA-Script features
(scrartcl)                for headings is available for the heading on line
(scrartcl)                169.
(scrartcl)                If you need additional sectioning commands, you
(scrartcl)                should define them using \DeclareNewSectionCommand
(scrartcl)                instead.

[4]
\openout5 = `./Sections/Consumption/body.tex'.

(./Sections/Consumption/body.tex

Package scrartcl Warning: Usage of \@startsection detected.
(scrartcl)                Note, the sectioning of scrartcl does neither use
(scrartcl)                nor support the usage of \@startsection command.
(scrartcl)                This means, that none of the KOMA-Script features
(scrartcl)                for headings is available for the heading on line 9.
(scrartcl)                If you need additional sectioning commands, you
(scrartcl)                should define them using \DeclareNewSectionCommand
(scrartcl)                instead.

l. 14 Writing Syllabus.idv[9] (Syllabus8x.svg)
l. 15 Writing Syllabus.idv[10] (Syllabus9x.svg)

Package scrartcl Warning: Usage of \@startsection detected.
(scrartcl)                Note, the sectioning of scrartcl does neither use
(scrartcl)                nor support the usage of \@startsection command.
(scrartcl)                This means, that none of the KOMA-Script features
(scrartcl)                for headings is available for the heading on line
(scrartcl)                18.
(scrartcl)                If you need additional sectioning commands, you
(scrartcl)                should define them using \DeclareNewSectionCommand
(scrartcl)                instead.

l. 23 Writing Syllabus.idv[11] (Syllabus10x.svg)
l. 24 Writing Syllabus.idv[12] (Syllabus11x.svg)
l. 25 Writing Syllabus.idv[13] (Syllabus12x.svg)
[5]
l. 26 Writing Syllabus.idv[14] (Syllabus13x.svg)
l. 27 Writing Syllabus.idv[15] (Syllabus14x.svg)
l. 28 Writing Syllabus.idv[16] (Syllabus15x.svg)
l. 29 Writing Syllabus.idv[17] (Syllabus16x.svg)
l. 30 Writing Syllabus.idv[18] (Syllabus17x.svg)

Package scrartcl Warning: Usage of \@startsection detected.
(scrartcl)                Note, the sectioning of scrartcl does neither use
(scrartcl)                nor support the usage of \@startsection command.
(scrartcl)                This means, that none of the KOMA-Script features
(scrartcl)                for headings is available for the heading on line
(scrartcl)                33.
(scrartcl)                If you need additional sectioning commands, you
(scrartcl)                should define them using \DeclareNewSectionCommand
(scrartcl)                instead.

l. 36 Writing Syllabus.idv[19] (Syllabus18x.svg)
l. 37 Writing Syllabus.idv[20] (Syllabus19x.svg)
l. 38 Writing Syllabus.idv[21] (Syllabus20x.svg)
l. 39 Writing Syllabus.idv[22] (Syllabus21x.svg)
l. 40 Writing Syllabus.idv[23] (Syllabus22x.svg)
[6]
l. 41 Writing Syllabus.idv[24] (Syllabus23x.svg)
l. 42 Writing Syllabus.idv[25] (Syllabus24x.svg)

Package scrartcl Warning: Usage of \@startsection detected.
(scrartcl)                Note, the sectioning of scrartcl does neither use
(scrartcl)                nor support the usage of \@startsection command.
(scrartcl)                This means, that none of the KOMA-Script features
(scrartcl)                for headings is available for the heading on line
(scrartcl)                45.
(scrartcl)                If you need additional sectioning commands, you
(scrartcl)                should define them using \DeclareNewSectionCommand
(scrartcl)                instead.

l. 48 Writing Syllabus.idv[26] (Syllabus25x.svg)
l. 49 Writing Syllabus.idv[27] (Syllabus26x.svg)
l. 50 Writing Syllabus.idv[28] (Syllabus27x.svg)
l. 51 Writing Syllabus.idv[29] (Syllabus28x.svg)
l. 52 Writing Syllabus.idv[30] (Syllabus29x.svg)
l. 53 Writing Syllabus.idv[31] (Syllabus30x.svg)
l. 54 Writing Syllabus.idv[32] (Syllabus31x.svg)
[7]
l. 55 Writing Syllabus.idv[33] (Syllabus32x.svg)
l. 56 Writing Syllabus.idv[34] (Syllabus33x.svg)
l. 57 Writing Syllabus.idv[35] (Syllabus34x.svg)

Package scrartcl Warning: Usage of \@startsection detected.
(scrartcl)                Note, the sectioning of scrartcl does neither use
(scrartcl)                nor support the usage of \@startsection command.
(scrartcl)                This means, that none of the KOMA-Script features
(scrartcl)                for headings is available for the heading on line
(scrartcl)                60.
(scrartcl)                If you need additional sectioning commands, you
(scrartcl)                should define them using \DeclareNewSectionCommand
(scrartcl)                instead.

l. 63 Writing Syllabus.idv[36] (Syllabus35x.svg)
l. 64 Writing Syllabus.idv[37] (Syllabus36x.svg)
l. 65 Writing Syllabus.idv[38] (Syllabus37x.svg)
l. 66 Writing Syllabus.idv[39] (Syllabus38x.svg)
)
\openout5 = `./Sections/Investment/title.tex'.


Package scrartcl Warning: Usage of \@startsection detected.
(scrartcl)                Note, the sectioning of scrartcl does neither use
(scrartcl)                nor support the usage of \@startsection command.
(scrartcl)                This means, that none of the KOMA-Script features
(scrartcl)                for headings is available for the heading on line
(scrartcl)                247.
(scrartcl)                If you need additional sectioning commands, you
(scrartcl)                should define them using \DeclareNewSectionCommand
(scrartcl)                instead.

\openout5 = `./Sections/Investment/body.tex'.

(./Sections/Investment/body.tex [8]
l. 11 Writing Syllabus.idv[40] (Syllabus39x.svg)
l. 12 Writing Syllabus.idv[41] (Syllabus40x.svg)
l. 13 Writing Syllabus.idv[42] (Syllabus41x.svg)
l. 14 Writing Syllabus.idv[43] (Syllabus42x.svg)
l. 15 Writing Syllabus.idv[44] (Syllabus43x.svg)
)
\openout5 = `./Sections/Growth/title.tex'.


Package scrartcl Warning: Usage of \@startsection detected.
(scrartcl)                Note, the sectioning of scrartcl does neither use
(scrartcl)                nor support the usage of \@startsection command.
(scrartcl)                This means, that none of the KOMA-Script features
(scrartcl)                for headings is available for the heading on line
(scrartcl)                274.
(scrartcl)                If you need additional sectioning commands, you
(scrartcl)                should define them using \DeclareNewSectionCommand
(scrartcl)                instead.

\openout5 = `./Sections/Growth/body.tex'.

(./Sections/Growth/body.tex [9]
l. 9 Writing Syllabus.idv[45] (Syllabus44x.svg)
l. 10 Writing Syllabus.idv[46] (Syllabus45x.svg)
l. 11 Writing Syllabus.idv[47] (Syllabus46x.svg)
l. 12 Writing Syllabus.idv[48] (Syllabus47x.svg)
l. 13 Writing Syllabus.idv[49] (Syllabus48x.svg)
)
\openout5 = `./Sections/DSGEModels/title.tex'.


Package scrartcl Warning: Usage of \@startsection detected.
(scrartcl)                Note, the sectioning of scrartcl does neither use
(scrartcl)                nor support the usage of \@startsection command.
(scrartcl)                This means, that none of the KOMA-Script features
(scrartcl)                for headings is available for the heading on line
(scrartcl)                300.
(scrartcl)                If you need additional sectioning commands, you
(scrartcl)                should define them using \DeclareNewSectionCommand
(scrartcl)                instead.

\openout5 = `./Sections/DSGEModels/body.tex'.

(./Sections/DSGEModels/body.tex [10]
l. 9 Writing Syllabus.idv[50] (Syllabus49x.svg)
l. 10 Writing Syllabus.idv[51] (Syllabus50x.svg)
l. 11 Writing Syllabus.idv[52] (Syllabus51x.svg)
l. 12 Writing Syllabus.idv[53] (Syllabus52x.svg)
) [11] (./Syllabus.bbl

Package scrartcl Warning: Usage of \@startsection detected.
(scrartcl)                Note, the sectioning of scrartcl does neither use
(scrartcl)                nor support the usage of \@startsection command.
(scrartcl)                This means, that none of the KOMA-Script features
(scrartcl)                for headings is available for the heading on line 5.
(scrartcl)                If you need additional sectioning commands, you
(scrartcl)                should define them using \DeclareNewSectionCommand
(scrartcl)                instead.

[12] [13] [14] [15]) [16] (./Syllabus.aux)
 ***********
LaTeX2e <2026-06-01>
L3 programming layer <2020/03/25>
 ***********
\snap@out=\write6
\openout6 = `Syllabus.dep'.

Dependency list written on Syllabus.dep.
 ) 
Here is how much of TeX's memory you used:
 26090 strings out of 467100
 462620 string characters out of 5408292
 1084100 words of memory out of 5000000
 54416 multiletter control sequences out of 15000+600000
 651125 words of font info for 99 fonts, out of 8000000 for 9000
 1141 hyphenation exceptions out of 8191
 129i,6n,149p,11738b,946s stack positions out of 10000i,1000n,20000p,200000b,200000s

Output written on Syllabus.dvi (16 pages, 75352 bytes).
